Alabama State=Alabama St
Alabama-Birmingham=UAB
Appalachian State=Appalachian St
BYU=Brigham Young
Central Florida=UCF
Connecticut=UConn
Eastern Illinois=E Illinois
Florida Atlantic=Florida Atl
Fresno State=Fresno St
George Washington=GW
Georgetown=G'town
Georgia Tech=Ga Tech
Indiana State=Indiana St
Iowa State=Iowa St
Kansas State=Kansas St|Kansas St.
Kent State=Kent St
Louisiana-Lafayette=La.-Lafayette
Miami=Miami (FL)
Miami (Ohio)=Miami (OH)|Miami (Oh)
Michigan State=Mich St|Mich St.|Michigan St
Middle Tennessee State=Middle Tennessee
Mississippi=Ole Miss
Mississippi State=Miss. St|Mississippi St
Missouri-Kansas City=UMKC
Morehead State=Morehead St
Murray State=Murray St
North Carolina=UNC
North Carolina State=N Carolina St|NC State
Northwestern=N'western
Notre Dame=N Dame
Ohio State=Ohio St.|Ohio St
Oklahoma State=Oklahoma St
Old Dominion=ODU
Oregon State=Oregon St
Penn State=Penn St
Rhode Island=URI
San Diego State=San Diego St|SDSU
South Carolina Upstate=USC Upstate
Southern Methodist=SMU
Southern Mississippi=Southern Miss
St. Bonaventure=St B'nvntre
St. Joseph's=Saint Joseph's
St. Louis=Saint Louis
Stephen F. Austin State=Stephen F. Austin
Texas Christian=TCU
Texas-El Paso=UTEP
Texas-San Antonio=TX-San Antonio|UT-San Antonio
USC=Southern California
UT-Chattanooga=Chattanooga
Utah State=Utah St
Virginia Commonwealth=VCU
Western Michigan=W Michigan
Wichita State=Wichita St.|Wichita St
Youngstown State=Youngstown St
South Florida=USF
Hawaii=Hawaii|Hawai'i
Northern Illinois=N Illinois|Northern Illinois
Mississippi=Ole Miss
