Arizona Cardinals=Arizona|Cardinals
Atlanta Falcons=Atlanta|Falcons
Baltimore Ravens=Baltimore|Ravens
Buffalo Bills=Buffalo|Bills
Carolina Panthers=Carolina|Panthers
Chicago Bears=Chicago|Bears
Cincinnati Begals=Cincinnati|Bengals
Cleveland Browns=Cleveland|Browns
Dallas Cowboys=Dallas|Cowboys
Denver Broncos=Denver|Broncos
Detroit Lions=Detroit|Lions
Green Bay Packers=Green Bay|Packers
Houston Texans=Houston|Texans
Indianapolis Colts=Indianapolis|Colts
Jacksonville Jaguars=Jacksonville|Jaguars
Kansas City Chiefs=Kansas City|Chiefs
Los Angeles Rams=Los Angeles|Rams
Miami Dolphins=Miami|Dolphins
Minnesota Vikings=Minnesota|Vikings
New England Patriots=New England|Patriots
New Orleans Saints=New Orleans|Saints
New York Jets=NY Jets|Jets
New York Giants=NY Giants|Giants
Oakland Raiders=Oakland|Raiders
Philadelphia Eagles=Philadelphia|Eagles
Pittsburgh Steelers=Pittsburgh|Steelers
San Diego Chargers=San Diego|Chargers
San Francisco 49ers=San Francisco|49ers
Seattle Seahawks=Seattle|Seahawks
Tampa Bay Buccaneers=Tampa Bay|Buccaneers
Tennessee Titans=Tennessee|Titans
Washington Redskins=Washington|Redskins