Anaheim Ducks=Anaheim|Ducks
Arizona Coyotes=Arizona|Coyotes
Boston Bruins=Boston|Bruins
Buffalo Sabres=Buffalo|Sabres
Calgary Flames=Calgary|Flames
Carolina Hurricanes=Carolina|Hurricanes
Chicago Blackhawks=Chicago|Blackhawks
Colorado Avalanche=Colorado|Avalanche
Columbus Blue Jackets=Columbus|Blue Jackets
Dallas Stars=Dallas|Stars
Detroit Red Wings=Detroit|Red Wings
Edmonton Oilers=Edmonton|Oilers
Florida Panthers=Florida|Panthers
Ottawa Senators=Ottawa|Senators
Los Angeles Kings=Los Angeles|Kings
Minnesota Wild=Minnesota|Wild
Montreal Canadiens=Montreal|Canadiens
Nashville Predators=Nashville|Predators
New Jersey Devils=New Jersey|Devils
New York Islanders=NY Islanders|Islanders
New York Rangers=NY Rangers|Rangers
Philadelphia Flyers=Philadelphia|Flyers
Pittsburgh Penguins=Pittsburgh|Penguins
San Jose Sharks=San Jose|Sharks
St. Louis Blues=St. Louis|St Louis|Blues
Tampa Bay Lightning=Tampa Bay|Lightning
Toronto Maple Leafs=Toronto|Maple Leafs
Vancouver Canucks=Vancouver|Canucks
Washington Capitals=Washington|Capitals
Winnipeg Jets=Winnipeg|Jets